../Core/Src/main.c:93:6:delay_us	16	static
../Core/Src/main.c:99:6:motor	24	static
../Core/Src/main.c:181:6:stop	8	static
../Core/Src/main.c:184:6:move	16	static
../Core/Src/main.c:194:6:initGY	8	static
../Core/Src/main.c:206:6:delay	16	static
../Core/Src/main.c:209:6:pinMode	32	static
../Core/Src/main.c:228:6:getDistances	8	static
../Core/Src/main.c:269:6:HAL_UARTEx_RxEventCallback	32	static
../Core/Src/main.c:337:5:main	24	static
../Core/Src/main.c:434:6:SystemClock_Config	72	static
../Core/Src/main.c:473:13:MX_TIM1_Init	32	static
../Core/Src/main.c:519:13:MX_TIM4_Init	48	static
../Core/Src/main.c:580:13:MX_USART1_UART_Init	8	static
../Core/Src/main.c:613:13:MX_USART2_UART_Init	8	static
../Core/Src/main.c:644:13:MX_DMA_Init	16	static
../Core/Src/main.c:665:13:MX_GPIO_Init	40	static
../Core/Src/main.c:726:6:Error_Handler	4	static,ignoring_inline_asm
