../Core/Src/main.c:94:6:delay_us	16	static
../Core/Src/main.c:100:6:motor	24	static
../Core/Src/main.c:182:6:stop	8	static
../Core/Src/main.c:185:6:move	16	static
../Core/Src/main.c:195:6:initGY	8	static
../Core/Src/main.c:207:6:delay	16	static
../Core/Src/main.c:210:6:pinMode	32	static
../Core/Src/main.c:229:6:getDistances	8	static
../Core/Src/main.c:270:6:HAL_UARTEx_RxEventCallback	32	static
../Core/Src/main.c:354:5:main	16	static
../Core/Src/main.c:457:6:SystemClock_Config	72	static
../Core/Src/main.c:496:13:MX_TIM2_Init	48	static
../Core/Src/main.c:549:13:MX_TIM4_Init	48	static
../Core/Src/main.c:610:13:MX_USART1_UART_Init	8	static
../Core/Src/main.c:643:13:MX_USART2_UART_Init	8	static
../Core/Src/main.c:674:13:MX_DMA_Init	16	static
../Core/Src/main.c:695:13:MX_GPIO_Init	40	static
../Core/Src/main.c:747:6:Error_Handler	4	static,ignoring_inline_asm
