../Core/Src/main.c:89:10:read_adc	32	static
../Core/Src/main.c:101:6:motor1	16	static
../Core/Src/main.c:114:6:motor2	16	static
../Core/Src/main.c:128:6:motor3	16	static
../Core/Src/main.c:141:6:motor4	16	static
../Core/Src/main.c:164:6:HAL_GPIO_EXTI_Callback	16	static
../Core/Src/main.c:182:6:HAL_UARTEx_RxEventCallback	24	static
../Core/Src/main.c:213:5:main	8	static
../Core/Src/main.c:353:6:SystemClock_Config	88	static
../Core/Src/main.c:397:13:MX_ADC1_Init	24	static
../Core/Src/main.c:444:13:MX_TIM3_Init	48	static
../Core/Src/main.c:497:13:MX_TIM4_Init	48	static
../Core/Src/main.c:554:13:MX_USART2_UART_Init	8	static
../Core/Src/main.c:587:13:MX_GPIO_Init	40	static
../Core/Src/main.c:630:6:Error_Handler	4	static,ignoring_inline_asm
