../Core/Src/main.c:93:10:read_adc	32	static
../Core/Src/main.c:105:6:motor1	16	static
../Core/Src/main.c:118:6:motor2	16	static
../Core/Src/main.c:132:6:motor3	16	static
../Core/Src/main.c:145:6:motor4	16	static
../Core/Src/main.c:168:6:motor5	16	static
../Core/Src/main.c:171:6:motor6	16	static
../Core/Src/main.c:175:6:HAL_GPIO_EXTI_Callback	16	static
../Core/Src/main.c:193:6:HAL_UARTEx_RxEventCallback	24	static
../Core/Src/main.c:232:5:main	8	static
../Core/Src/main.c:379:6:SystemClock_Config	88	static
../Core/Src/main.c:423:13:MX_ADC1_Init	24	static
../Core/Src/main.c:470:13:MX_TIM3_Init	48	static
../Core/Src/main.c:523:13:MX_TIM4_Init	48	static
../Core/Src/main.c:580:13:MX_USART2_UART_Init	8	static
../Core/Src/main.c:611:13:MX_DMA_Init	16	static
../Core/Src/main.c:629:13:MX_GPIO_Init	40	static
../Core/Src/main.c:672:6:Error_Handler	4	static,ignoring_inline_asm
