<html>
<body>
<pre>
<h1>µVision Build Log</h1>
<h2>Tool Versions:</h2>
IDE-Version: µVision V5.21.0.0
Copyright (C) 2016 ARM Ltd and ARM Germany GmbH. All rights reserved.
License Information: FDMX FDMX, FDMX, LIC=----
 
Tool Versions:
Toolchain:       MDK-Lite  Version: 5.21
Toolchain Path:  C:\Keil_v5\ARM\ARMCC\Bin
C Compiler:      Armcc.exe V5.06 update 3 (build 300)
Assembler:       Armasm.exe V5.06 update 3 (build 300)
Linker/Locator:  ArmLink.exe V5.06 update 3 (build 300)
Library Manager: ArmAr.exe V5.06 update 3 (build 300)
Hex Converter:   FromElf.exe V5.06 update 3 (build 300)
CPU DLL:         SARMCM3.DLL V5.21
Dialog DLL:      DCM.DLL V1.13.8.0
Target DLL:      STLink\ST-LINKIII-KEIL_SWO.dll V2.0.18.0
Dialog DLL:      TCM.DLL V1.14.14.0
 
<h2>Project:</h2>
C:\Users\FDMX\Desktop\atwork__test_01\at\MDK-ARM\at.uvprojx
Project File Date:  04/15/2020

<h2>Output:</h2>
*** Using Compiler 'V5.06 update 3 (build 300)', folder: 'C:\Keil_v5\ARM\ARMCC\Bin'
Build target 'at'
compiling main.c...
../Src/main.c(73): warning:  #188-D: enumerated type mixed with another type
  	HAL_GPIO_WritePin(
PIOC,
PIO_PIN_14,(index/8)%2); //D
../Src/main.c(74): warning:  #188-D: enumerated type mixed with another type
  	HAL_GPIO_WritePin(
PIOC,
PIO_PIN_13,(index/4)%2); //C
../Src/main.c(75): warning:  #188-D: enumerated type mixed with another type
  	HAL_GPIO_WritePin(
PIOC,
PIO_PIN_15,(index/2)%2); //B
../Src/main.c(76): warning:  #188-D: enumerated type mixed with another type
  	HAL_GPIO_WritePin(
PIOA,
PIO_PIN_0 ,(index/1)%2); //A
../Src/main.c(96): warning:  #188-D: enumerated type mixed with another type
  			HAL_GPIO_WritePin(
PIOA,
PIO_PIN_4,1);
../Src/main.c(97): warning:  #188-D: enumerated type mixed with another type
  			HAL_GPIO_WritePin(
PIOA,
PIO_PIN_5,0);
../Src/main.c(98): warning:  #188-D: enumerated type mixed with another type
  			HAL_GPIO_WritePin(
PIOA,
PIO_PIN_6,0);
../Src/main.c(99): warning:  #188-D: enumerated type mixed with another type
  			HAL_GPIO_WritePin(
PIOA,
PIO_PIN_7,0);
../Src/main.c(103): warning:  #188-D: enumerated type mixed with another type
  			HAL_GPIO_WritePin(
PIOA,
PIO_PIN_4,1);
../Src/main.c(104): warning:  #188-D: enumerated type mixed with another type
  			HAL_GPIO_WritePin(
PIOA,
PIO_PIN_5,0);
../Src/main.c(105): warning:  #188-D: enumerated type mixed with another type
  			HAL_GPIO_WritePin(
PIOA,
PIO_PIN_6,1);
../Src/main.c(106): warning:  #188-D: enumerated type mixed with another type
  			HAL_GPIO_WritePin(
PIOA,
PIO_PIN_7,0);
../Src/main.c(110): warning:  #188-D: enumerated type mixed with another type
  			HAL_GPIO_WritePin(
PIOA,
PIO_PIN_4,0);
../Src/main.c(111): warning:  #188-D: enumerated type mixed with another type
  			HAL_GPIO_WritePin(
PIOA,
PIO_PIN_5,0);
../Src/main.c(112): warning:  #188-D: enumerated type mixed with another type
  			HAL_GPIO_WritePin(
PIOA,
PIO_PIN_6,1);
../Src/main.c(113): warning:  #188-D: enumerated type mixed with another type
  			HAL_GPIO_WritePin(
PIOA,
PIO_PIN_7,0);
../Src/main.c(117): warning:  #188-D: enumerated type mixed with another type
  			HAL_GPIO_WritePin(
PIOA,
PIO_PIN_4,0);
../Src/main.c(118): warning:  #188-D: enumerated type mixed with another type
  			HAL_GPIO_WritePin(
PIOA,
PIO_PIN_5,1);
../Src/main.c(119): warning:  #188-D: enumerated type mixed with another type
  			HAL_GPIO_WritePin(
PIOA,
PIO_PIN_6,1);
../Src/main.c(120): warning:  #188-D: enumerated type mixed with another type
  			HAL_GPIO_WritePin(
PIOA,
PIO_PIN_7,0);
../Src/main.c(133): warning:  #188-D: enumerated type mixed with another type
  			HAL_GPIO_WritePin(
PIOA,
PIO_PIN_6,0);
../Src/main.c(134): warning:  #188-D: enumerated type mixed with another type
  			HAL_GPIO_WritePin(
PIOA,
PIO_PIN_7,1);
../Src/main.c(138): warning:  #188-D: enumerated type mixed with another type
  			HAL_GPIO_WritePin(
PIOA,
PIO_PIN_4,0);
../Src/main.c(139): warning:  #188-D: enumerated type mixed with another type
  			HAL_GPIO_WritePin(
PIOA,
PIO_PIN_5,0);
../Src/main.c(140): warning:  #188-D: enumerated type mixed with another type
  			HAL_GPIO_WritePin(
PIOA,
PIO_PIN_6,0);
../Src/main.c(141): warning:  #188-D: enumerated type mixed with another type
  			HAL_GPIO_WritePin(
PIOA,
PIO_PIN_7,1);
../Src/main.c(145): warning:  #188-D: enumerated type mixed with another type
  			HAL_GPIO_WritePin(
PIOA,
PIO_PIN_4,1);
../Src/main.c(146): warning:  #188-D: enumerated type mixed with another type
  			HAL_GPIO_WritePin(
PIOA,
PIO_PIN_5,0);
../Src/main.c(147): warning:  #188-D: enumerated type mixed with another type
  			HAL_GPIO_WritePin(
PIOA,
PIO_PIN_6,0);
../Src/main.c(148): warning:  #188-D: enumerated type mixed with another type
  			HAL_GPIO_WritePin(
PIOA,
PIO_PIN_7,1);
../Src/main.c(152): warning:  #188-D: enumerated type mixed with another type
  			HAL_GPIO_WritePin(
PIOA,
PIO_PIN_4,0);
../Src/main.c(153): warning:  #188-D: enumerated type mixed with another type
  			HAL_GPIO_WritePin(
PIOA,
PIO_PIN_5,0);
../Src/main.c(154): warning:  #188-D: enumerated type mixed with another type
  			HAL_GPIO_WritePin(
PIOA,
PIO_PIN_6,0);
../Src/main.c(155): warning:  #188-D: enumerated type mixed with another type
  			HAL_GPIO_WritePin(
PIOA,
PIO_PIN_7,0);
../Src/main.c(162): warning:  #188-D: enumerated type mixed with another type
  				HAL_GPIO_WritePin(
PIOB,
PIO_PIN_12,1);
../Src/main.c(163): warning:  #188-D: enumerated type mixed with another type
  				HAL_GPIO_WritePin(
PIOB,
PIO_PIN_13,0);
../Src/main.c(167): warning:  #188-D: enumerated type mixed with another type
  				HAL_GPIO_WritePin(
PIOB,
PIO_PIN_12,0);
../Src/main.c(168): warning:  #188-D: enumerated type mixed with another type
  				HAL_GPIO_WritePin(
PIOB,
PIO_PIN_13,1);
../Src/main.c(172): warning:  #188-D: enumerated type mixed with another type
  				HAL_GPIO_WritePin(
PIOB,
PIO_PIN_12,1);
../Src/main.c(173): warning:  #188-D: enumerated type mixed with another type
  				HAL_GPIO_WritePin(
PIOB,
PIO_PIN_13,1);
../Src/main.c(178): warning:  #188-D: enumerated type mixed with another type
  				HAL_GPIO_WritePin(
PIOB,
PIO_PIN_14,1);
../Src/main.c(179): warning:  #188-D: enumerated type mixed with another type
  				HAL_GPIO_WritePin(
PIOB,
PIO_PIN_15,0);
../Src/main.c(183): warning:  #188-D: enumerated type mixed with another type
  				HAL_GPIO_WritePin(
PIOB,
PIO_PIN_14,0);
../Src/main.c(184): warning:  #188-D: enumerated type mixed with another type
  				HAL_GPIO_WritePin(
PIOB,
PIO_PIN_15,1);
../Src/main.c(188): warning:  #188-D: enumerated type mixed with another type
  				HAL_GPIO_WritePin(
PIOB,
PIO_PIN_14,1);
../Src/main.c(189): warning:  #188-D: enumerated type mixed with another type
  				HAL_GPIO_WritePin(
PIOB,
PIO_PIN_15,1);
../Src/main.c(212): warning:  #188-D: enumerated type mixed with another type
  			HAL_GPIO_WritePin(
PIOB,
PIO_PIN_5,0);
../Src/main.c(217): warning:  #188-D: enumerated type mixed with another type
  			HAL_GPIO_WritePin(
PIOB,
PIO_PIN_5,1);
../Src/main.c(224): warning:  #188-D: enumerated type mixed with another type
  			HAL_GPIO_WritePin(
PIOB,
PIO_PIN_4,0);
../Src/main.c(229): warning:  #188-D: enumerated type mixed with another type
  			HAL_GPIO_WritePin(
PIOB,
PIO_PIN_4,1);
../Src/main.c(236): warning:  #188-D: enumerated type mixed with another type
  			HAL_GPIO_WritePin(
PIOB,
PIO_PIN_3,0);
../Src/main.c(241): warning:  #188-D: enumerated type mixed with another type
  			HAL_GPIO_WritePin(
PIOB,
PIO_PIN_3,1);
../Src/main.c(247): warning:  #188-D: enumerated type mixed with another type
  			HAL_GPIO_WritePin(
PIOA,
PIO_PIN_15,0);
../Src/main.c(252): warning:  #188-D: enumerated type mixed with another type
  			HAL_GPIO_WritePin(
PIOA,
PIO_PIN_15,1);
../Src/main.c(298): warning:  #188-D: enumerated type mixed with another type
  			HAL_GPIO_WritePin(
PIOA,
PIO_PIN_11,0);
../Src/main.c(300): warning:  #188-D: enumerated type mixed with another type
  			HAL_GPIO_WritePin(
PIOA,
PIO_PIN_11,1);
../Src/main.c(389): warning:  #188-D: enumerated type mixed with another type
  						HAL_GPIO_WritePin(
PIOB,
PIO_PIN_12,1);
../Src/main.c(390): warning:  #188-D: enumerated type mixed with another type
  						HAL_GPIO_WritePin(
PIOB,
PIO_PIN_13,0);
../Src/main.c(394): warning:  #188-D: enumerated type mixed with another type
  						HAL_GPIO_WritePin(
PIOB,
PIO_PIN_12,0);
../Src/main.c(395): warning:  #188-D: enumerated type mixed with another type
  						HAL_GPIO_WritePin(
PIOB,
PIO_PIN_13,1);
../Src/main.c(399): warning:  #188-D: enumerated type mixed with another type
  						HAL_GPIO_WritePin(
PIOB,
PIO_PIN_12,1);
../Src/main.c(400): warning:  #188-D: enumerated type mixed with another type
  						HAL_GPIO_WritePin(
PIOB,
PIO_PIN_13,1);
../Src/main.c(409): warning:  #188-D: enumerated type mixed with another type
  						HAL_GPIO_WritePin(
PIOB,
PIO_PIN_14,0);
../Src/main.c(410): warning:  #188-D: enumerated type mixed with another type
  						HAL_GPIO_WritePin(
PIOB,
PIO_PIN_15,1);
../Src/main.c(414): warning:  #188-D: enumerated type mixed with another type
  						HAL_GPIO_WritePin(
PIOB,
PIO_PIN_14,1);
../Src/main.c(415): warning:  #188-D: enumerated type mixed with another type
  						HAL_GPIO_WritePin(
PIOB,
PIO_PIN_15,0);
../Src/main.c(419): warning:  #188-D: enumerated type mixed with another type
  						HAL_GPIO_WritePin(
PIOB,
PIO_PIN_14,1);
../Src/main.c(420): warning:  #188-D: enumerated type mixed with another type
  						HAL_GPIO_WritePin(
PIOB,
PIO_PIN_15,1);
../Src/main.c: 74 warnings, 0 errors
linking...
Program Size: Code=8488 RO-data=292 RW-data=40 ZI-data=1264  
FromELF: creating hex file...
"at\at.axf" - 0 Error(s), 68 Warning(s).

<h2>Software Packages used:</h2>

Package Vendor: ARM
                http://www.keil.com/pack/ARM.CMSIS.5.0.0-Beta12.pack
                ARM::CMSIS:CORE:5.0.0
                CMSIS (Cortex Microcontroller Software Interface Standard)
   * Component: CORE Version: 5.0.0

<h2>Collection of Component include folders:</h2>
  C:\Users\FDMX\Desktop\atwork__test_01\at\MDK-ARM\RTE
  C:\Keil_v5\ARM\PACK\ARM\CMSIS\5.0.0-Beta12\CMSIS\Include
  C:\Keil_v5\ARM\PACK\Keil\STM32F1xx_DFP\2.1.0\Device\Include

<h2>Collection of Component Files used:</h2>

   * Component: ARM::CMSIS:CORE:5.0.0
Build Time Elapsed:  00:00:02
</pre>
</body>
</html>
