../Core/Src/main.c:79:6:motor	24	static
../Core/Src/main.c:156:6:stop	8	static
../Core/Src/main.c:159:6:move	16	static
../Core/Src/main.c:169:6:initGY	8	static
../Core/Src/main.c:180:6:readGY	8	static
../Core/Src/main.c:195:5:main	24	static
../Core/Src/main.c:266:6:SystemClock_Config	72	static
../Core/Src/main.c:303:13:MX_TIM4_Init	48	static
../Core/Src/main.c:364:13:MX_USART1_UART_Init	8	static
../Core/Src/main.c:398:13:MX_USART2_UART_Init	8	static
../Core/Src/main.c:432:13:MX_GPIO_Init	40	static
../Core/Src/main.c:478:6:HAL_UART_RxCpltCallback	16	static,ignoring_inline_asm
../Core/Src/main.c:514:6:HAL_UART_TxCpltCallback	16	static,ignoring_inline_asm
../Core/Src/main.c:526:6:Error_Handler	4	static,ignoring_inline_asm
