../Core/Src/main.c:100:6:delay_us	16	static
../Core/Src/main.c:106:6:motor	24	static
../Core/Src/main.c:188:6:stop	8	static
../Core/Src/main.c:191:6:move	16	static
../Core/Src/main.c:201:6:initGY	8	static
../Core/Src/main.c:213:6:delay	16	static
../Core/Src/main.c:216:6:pinMode	32	static
../Core/Src/main.c:235:6:getDistances	8	static
../Core/Src/main.c:276:6:HAL_UARTEx_RxEventCallback	32	static
../Core/Src/main.c:364:7:u	16	static
../Core/Src/main.c:375:5:main	24	static
../Core/Src/main.c:482:6:SystemClock_Config	72	static
../Core/Src/main.c:521:13:MX_TIM1_Init	32	static
../Core/Src/main.c:567:13:MX_TIM4_Init	48	static
../Core/Src/main.c:628:13:MX_USART1_UART_Init	8	static
../Core/Src/main.c:661:13:MX_USART2_UART_Init	8	static
../Core/Src/main.c:692:13:MX_DMA_Init	16	static
../Core/Src/main.c:713:13:MX_GPIO_Init	40	static
../Core/Src/main.c:774:6:Error_Handler	4	static,ignoring_inline_asm
