RAM Allocation [bytes]
Variable                                                                          Address   Size
------------------------------------------------------------------------------------------------
rx_buffer                                                                         0x0160       8
mr1                                                                               0x0168       2
sign                                                                              0x016A       2
d                                                                                 0x016C       2
i                                                                                 0x016E       2
a                                                                                 0x0170       2

EEPROM Allocation [bytes]
Variable                                                                          Address   Size
------------------------------------------------------------------------------------------------

Register Allocation
Variable                                                                          Register  Size
------------------------------------------------------------------------------------------------
rx_wr_index                                                                       R5           1
rx_rd_index                                                                       R4           1
rx_counter                                                                        R7           1
rx_buffer_overflow                                                                R2.0      1bit
ml1                                                                               R8,R9        2
ml2                                                                               R10,R11      2
mr2                                                                               R12,R13      2

FLASH Allocation [words]
Function                                                                          Address   Size
------------------------------------------------------------------------------------------------
usart_rx_isr                                                                      0x0006A     35
getchar                                                                           0x0008D     19
read_adc                                                                          0x000A0     15
motor                                                                             0x000AF    140
main                                                                              0x0013B    258
