../Core/Src/main.c:106:6:delay_us	16	static
../Core/Src/main.c:111:6:motor	24	static
../Core/Src/main.c:205:6:stop	8	static
../Core/Src/main.c:208:6:move	16	static
../Core/Src/main.c:218:6:initGY	8	static
../Core/Src/main.c:230:6:delay	16	static
../Core/Src/main.c:233:6:pinMode	32	static
../Core/Src/main.c:252:6:getDistances	4	static
../Core/Src/main.c:293:5:abs	16	static
../Core/Src/main.c:297:6:HAL_UARTEx_RxEventCallback	32	static
../Core/Src/main.c:386:6:HAL_GPIO_EXTI_Callback	16	static
../Core/Src/main.c:402:6:HAL_TIM_PeriodElapsedCallback	16	static
../Core/Src/main.c:415:5:main	24	static
../Core/Src/main.c:523:6:SystemClock_Config	72	static
../Core/Src/main.c:562:13:MX_TIM1_Init	32	static
../Core/Src/main.c:608:13:MX_TIM2_Init	32	static
../Core/Src/main.c:653:13:MX_TIM4_Init	48	static
../Core/Src/main.c:714:13:MX_USART1_UART_Init	8	static
../Core/Src/main.c:747:13:MX_USART2_UART_Init	8	static
../Core/Src/main.c:778:13:MX_DMA_Init	16	static
../Core/Src/main.c:799:13:MX_GPIO_Init	40	static
../Core/Src/main.c:879:6:Error_Handler	4	static,ignoring_inline_asm
