../Core/Src/main.c:100:6:delay_us	16	static
../Core/Src/main.c:105:6:motor	24	static
../Core/Src/main.c:187:6:stop	8	static
../Core/Src/main.c:190:6:move	16	static
../Core/Src/main.c:200:6:initGY	8	static
../Core/Src/main.c:212:6:delay	16	static
../Core/Src/main.c:215:6:pinMode	32	static
../Core/Src/main.c:234:6:getDistances	4	static
../Core/Src/main.c:275:6:HAL_UARTEx_RxEventCallback	24	static
../Core/Src/main.c:352:6:HAL_GPIO_EXTI_Callback	16	static
../Core/Src/main.c:358:6:HAL_TIM_PeriodElapsedCallback	16	static
../Core/Src/main.c:371:5:main	24	static
../Core/Src/main.c:479:6:SystemClock_Config	72	static
../Core/Src/main.c:518:13:MX_TIM1_Init	32	static
../Core/Src/main.c:564:13:MX_TIM2_Init	32	static
../Core/Src/main.c:609:13:MX_TIM4_Init	48	static
../Core/Src/main.c:670:13:MX_USART1_UART_Init	8	static
../Core/Src/main.c:703:13:MX_USART2_UART_Init	8	static
../Core/Src/main.c:734:13:MX_DMA_Init	16	static
../Core/Src/main.c:755:13:MX_GPIO_Init	40	static
../Core/Src/main.c:826:6:Error_Handler	4	static,ignoring_inline_asm
