../Core/Src/main.c:76:6:delay	16	static
../Core/Src/main.c:79:6:update_sens	8	static
../Core/Src/main.c:84:6:set_step_front	8	static
../Core/Src/main.c:97:6:rotate_arm1	24	static
../Core/Src/main.c:108:6:rotate_arm2	16	static
../Core/Src/main.c:120:6:rotate_arm3	16	static
../Core/Src/main.c:132:6:HAL_UARTEx_RxEventCallback	16	static
../Core/Src/main.c:157:5:main	16	static
../Core/Src/main.c:220:6:SystemClock_Config	88	static
../Core/Src/main.c:267:13:MX_ADC1_Init	24	static
../Core/Src/main.c:314:13:MX_USART2_UART_Init	8	static
../Core/Src/main.c:345:13:MX_DMA_Init	16	static
../Core/Src/main.c:363:13:MX_GPIO_Init	40	static
../Core/Src/main.c:418:6:Error_Handler	4	static,ignoring_inline_asm
